---
source: src/compiler.rs
expression: output
---
CompilerOutput {
    script_function: Function {
        name: "script",
        arity: 0,
        chunk: Chunk {
            bytes: [
                0,
                0,
                14,
                8,
                0,
                1,
                14,
                9,
                0,
                2,
                14,
                10,
                23,
                14,
                11,
                0,
                3,
                14,
                12,
                18,
                11,
                23,
                3,
                19,
                0,
                152,
                2,
                18,
                7,
                18,
                2,
                0,
                4,
                18,
                9,
                24,
                2,
                24,
                1,
                13,
                16,
                2,
                16,
                1,
                3,
                4,
                19,
                0,
                105,
                2,
                18,
                6,
                24,
                0,
                2,
                18,
                12,
                24,
                0,
                2,
                18,
                1,
                18,
                10,
                24,
                1,
                2,
                18,
                5,
                0,
                5,
                24,
                1,
                18,
                3,
                16,
                3,
                24,
                1,
                15,
                2,
                2,
                16,
                2,
                13,
                3,
                4,
                19,
                0,
                54,
                2,
                16,
                2,
                16,
                1,
                6,
                19,
                0,
                16,
                2,
                18,
                4,
                16,
                2,
                24,
                1,
                0,
                6,
                7,
                17,
                10,
                2,
                20,
                0,
                26,
                2,
                16,
                2,
                16,
                1,
                5,
                19,
                0,
                16,
                2,
                18,
                4,
                16,
                2,
                24,
                1,
                0,
                7,
                7,
                17,
                10,
                2,
                20,
                0,
                1,
                2,
                20,
                0,
                6,
                2,
                0,
                8,
                17,
                10,
                2,
                2,
                21,
                0,
                114,
                2,
                18,
                6,
                24,
                0,
                2,
                18,
                8,
                0,
                9,
                7,
                17,
                8,
                2,
                0,
                10,
                17,
                10,
                2,
                2,
                2,
                21,
                0,
                159,
                2,
                13,
                12,
            ],
            lines: [
                1,
                1,
                1,
                1,
                2,
                2,
                2,
                2,
                3,
                3,
                3,
                3,
                4,
                4,
                4,
                14,
                14,
                14,
                14,
                14,
                14,
                14,
                14,
                14,
                14,
                14,
                14,
                15,
                15,
                15,
                15,
                15,
                15,
                15,
                15,
                15,
                15,
                15,
                15,
                16,
                18,
                18,
                18,
                18,
                18,
                18,
                18,
                18,
                18,
                18,
                19,
                19,
                19,
                19,
                19,
                21,
                21,
                21,
                21,
                21,
                22,
                22,
                22,
                22,
                22,
                22,
                22,
                24,
                24,
                24,
                24,
                24,
                24,
                26,
                26,
                26,
                26,
                26,
                26,
                26,
                26,
                26,
                27,
                27,
                27,
                27,
                27,
                27,
                27,
                27,
                27,
                28,
                28,
                28,
                28,
                28,
                28,
                28,
                28,
                28,
                29,
                29,
                29,
                29,
                29,
                29,
                29,
                29,
                29,
                29,
                29,
                29,
                30,
                30,
                30,
                30,
                30,
                30,
                30,
                30,
                30,
                30,
                30,
                30,
                30,
                31,
                31,
                31,
                31,
                31,
                31,
                31,
                31,
                31,
                31,
                31,
                31,
                32,
                32,
                32,
                32,
                32,
                32,
                32,
                32,
                33,
                33,
                33,
                33,
                33,
                35,
                35,
                35,
                35,
                35,
                35,
                35,
                35,
                35,
                35,
                36,
                36,
                36,
                36,
                36,
                36,
                36,
                36,
                37,
                37,
                37,
                37,
                37,
                38,
                38,
                38,
                38,
                38,
                38,
                38,
                38,
            ],
            constants: [
                Number(
                    0.0,
                ),
                Number(
                    100.0,
                ),
                String(
                    "New Game Started! :D",
                ),
                Func(
                    Function {
                        name: "print_header",
                        arity: 0,
                        chunk: Chunk {
                            bytes: [
                                18,
                                1,
                                0,
                                0,
                                24,
                                1,
                                2,
                                18,
                                1,
                                0,
                                1,
                                18,
                                4,
                                18,
                                9,
                                24,
                                1,
                                7,
                                24,
                                1,
                                2,
                                18,
                                1,
                                0,
                                2,
                                18,
                                4,
                                18,
                                8,
                                24,
                                1,
                                7,
                                24,
                                1,
                                2,
                                18,
                                1,
                                0,
                                3,
                                24,
                                1,
                                2,
                                18,
                                1,
                                0,
                                4,
                                24,
                                1,
                                2,
                                13,
                                12,
                            ],
                            lines: [
                                7,
                                7,
                                7,
                                7,
                                7,
                                7,
                                7,
                                8,
                                8,
                                8,
                                8,
                                8,
                                8,
                                8,
                                8,
                                8,
                                8,
                                8,
                                8,
                                8,
                                8,
                                9,
                                9,
                                9,
                                9,
                                9,
                                9,
                                9,
                                9,
                                9,
                                9,
                                9,
                                9,
                                9,
                                9,
                                10,
                                10,
                                10,
                                10,
                                10,
                                10,
                                10,
                                11,
                                11,
                                11,
                                11,
                                11,
                                11,
                                11,
                                14,
                                14,
                            ],
                            constants: [
                                String(
                                    "------------------------------------------------------",
                                ),
                                String(
                                    "Guess the number between 0-",
                                ),
                                String(
                                    "Score: ",
                                ),
                                String(
                                    "------------------------------------------------------",
                                ),
                                String(
                                    "",
                                ),
                            ],
                        },
                    },
                ),
                Number(
                    0.0,
                ),
                String(
                    "Guess: ",
                ),
                String(
                    " was too low!",
                ),
                String(
                    " was too high!",
                ),
                String(
                    "Invalid input: Only numbers are allowed.",
                ),
                Number(
                    1.0,
                ),
                String(
                    "Correct! Starting new game :D",
                ),
            ],
        },
    },
    globals_count: 13,
    natives: [
        NativeFunction {
            name: "time",
            arity: 0,
        },
        NativeFunction {
            name: "print",
            arity: 1,
        },
        NativeFunction {
            name: "random_range",
            arity: 2,
        },
        NativeFunction {
            name: "number",
            arity: 1,
        },
        NativeFunction {
            name: "string",
            arity: 1,
        },
        NativeFunction {
            name: "input",
            arity: 1,
        },
        NativeFunction {
            name: "clear",
            arity: 0,
        },
        NativeFunction {
            name: "round",
            arity: 1,
        },
    ],
}
